/home/excustic/RiderProjects/rmOneNoteSyncApp/rmOneNoteSyncApp/ViewModels/SettingsViewModel.cs(150,13): warning CS4014: Because this call is not awaited, execution of the current method continues before the call is completed. Consider applying the 'await' operator to the result of the call. [/home/excustic/RiderProjects/rmOneNoteSyncApp/rmOneNoteSyncApp/rmOneNoteSyncApp.csproj]
/home/excustic/RiderProjects/rmOneNoteSyncApp/rmOneNoteSyncApp/ViewModels/SettingsViewModel.cs(120,9): warning CS8602: Dereference of a possibly null reference. [/home/excustic/RiderProjects/rmOneNoteSyncApp/rmOneNoteSyncApp/rmOneNoteSyncApp.csproj]
/home/excustic/RiderProjects/rmOneNoteSyncApp/rmOneNoteSyncApp/Services/OneNoteClient.cs(77,68): warning CS1998: This async method lacks 'await' operators and will run synchronously. Consider using the 'await' operator to await non-blocking API calls, or 'await Task.Run(...)' to do CPU-bound work on a background thread. [/home/excustic/RiderProjects/rmOneNoteSyncApp/rmOneNoteSyncApp/rmOneNoteSyncApp.csproj]
/home/excustic/RiderProjects/rmOneNoteSyncApp/rmOneNoteSyncApp/Services/Platform/DeviceDetectionServiceBase.cs(35,31): warning CS1998: This async method lacks 'await' operators and will run synchronously. Consider using the 'await' operator to await non-blocking API calls, or 'await Task.Run(...)' to do CPU-bound work on a background thread. [/home/excustic/RiderProjects/rmOneNoteSyncApp/rmOneNoteSyncApp/rmOneNoteSyncApp.csproj]
/home/excustic/RiderProjects/rmOneNoteSyncApp/rmOneNoteSyncApp/Services/Platform/DeviceDetectionServiceBase.cs(51,31): warning CS1998: This async method lacks 'await' operators and will run synchronously. Consider using the 'await' operator to await non-blocking API calls, or 'await Task.Run(...)' to do CPU-bound work on a background thread. [/home/excustic/RiderProjects/rmOneNoteSyncApp/rmOneNoteSyncApp/rmOneNoteSyncApp.csproj]
/home/excustic/RiderProjects/rmOneNoteSyncApp/rmOneNoteSyncApp/ViewModels/LogViewModel.cs(253,13): warning CS4014: Because this call is not awaited, execution of the current method continues before the call is completed. Consider applying the 'await' operator to the result of the call. [/home/excustic/RiderProjects/rmOneNoteSyncApp/rmOneNoteSyncApp/rmOneNoteSyncApp.csproj]
/home/excustic/RiderProjects/rmOneNoteSyncApp/rmOneNoteSyncApp/ViewModels/LogViewModel.cs(264,13): warning CS4014: Because this call is not awaited, execution of the current method continues before the call is completed. Consider applying the 'await' operator to the result of the call. [/home/excustic/RiderProjects/rmOneNoteSyncApp/rmOneNoteSyncApp/rmOneNoteSyncApp.csproj]
/home/excustic/RiderProjects/rmOneNoteSyncApp/rmOneNoteSyncApp/Services/SyncServerService.cs(46,23): warning CS1998: This async method lacks 'await' operators and will run synchronously. Consider using the 'await' operator to await non-blocking API calls, or 'await Task.Run(...)' to do CPU-bound work on a background thread. [/home/excustic/RiderProjects/rmOneNoteSyncApp/rmOneNoteSyncApp/rmOneNoteSyncApp.csproj]
/home/excustic/RiderProjects/rmOneNoteSyncApp/rmOneNoteSyncApp/Services/SqliteDatabaseService.cs(370,15): warning CS8604: Possible null reference argument for parameter 'cnn' in 'Task<int> SqlMapper.ExecuteAsync(IDbConnection cnn, string sql, object? param = null, IDbTransaction? transaction = null, int? commandTimeout = null, CommandType? commandType = null)'. [/home/excustic/RiderProjects/rmOneNoteSyncApp/rmOneNoteSyncApp/rmOneNoteSyncApp.csproj]
/home/excustic/RiderProjects/rmOneNoteSyncApp/rmOneNoteSyncApp/Services/SqliteDatabaseService.cs(378,15): warning CS8604: Possible null reference argument for parameter 'cnn' in 'Task<int> SqlMapper.ExecuteAsync(IDbConnection cnn, string sql, object? param = null, IDbTransaction? transaction = null, int? commandTimeout = null, CommandType? commandType = null)'. [/home/excustic/RiderProjects/rmOneNoteSyncApp/rmOneNoteSyncApp/rmOneNoteSyncApp.csproj]
/home/excustic/RiderProjects/rmOneNoteSyncApp/rmOneNoteSyncApp/Services/SyncService.cs(20,29): warning CS0649: Field 'SyncService._autoSyncTimer' is never assigned to, and will always have its default value null [/home/excustic/RiderProjects/rmOneNoteSyncApp/rmOneNoteSyncApp/rmOneNoteSyncApp.csproj]
/home/excustic/RiderProjects/rmOneNoteSyncApp/rmOneNoteSyncApp/Services/SyncService.cs(25,60): warning CS0067: The event 'SyncService.PageSyncCompleted' is never used [/home/excustic/RiderProjects/rmOneNoteSyncApp/rmOneNoteSyncApp/rmOneNoteSyncApp.csproj]
/home/excustic/RiderProjects/rmOneNoteSyncApp/rmOneNoteSyncApp/Services/Platform/WindowsDeviceDetectionService.cs(55,27): warning CA1416: This call site is reachable on all platforms. 'ManagementEventWatcher' is only supported on: 'windows'. (https://learn.microsoft.com/dotnet/fundamentals/code-analysis/quality-rules/ca1416) [/home/excustic/RiderProjects/rmOneNoteSyncApp/rmOneNoteSyncApp/rmOneNoteSyncApp.csproj]
/home/excustic/RiderProjects/rmOneNoteSyncApp/rmOneNoteSyncApp/Services/Platform/WindowsDeviceDetectionService.cs(63,13): warning CA1416: This call site is reachable on all platforms. 'ManagementEventWatcher.Start()' is only supported on: 'windows'. (https://learn.microsoft.com/dotnet/fundamentals/code-analysis/quality-rules/ca1416) [/home/excustic/RiderProjects/rmOneNoteSyncApp/rmOneNoteSyncApp/rmOneNoteSyncApp.csproj]
/home/excustic/RiderProjects/rmOneNoteSyncApp/rmOneNoteSyncApp/Services/Platform/WindowsDeviceDetectionService.cs(52,25): warning CA1416: This call site is reachable on all platforms. 'WqlEventQuery' is only supported on: 'windows'. (https://learn.microsoft.com/dotnet/fundamentals/code-analysis/quality-rules/ca1416) [/home/excustic/RiderProjects/rmOneNoteSyncApp/rmOneNoteSyncApp/rmOneNoteSyncApp.csproj]
/home/excustic/RiderProjects/rmOneNoteSyncApp/rmOneNoteSyncApp/Services/Platform/WindowsDeviceDetectionService.cs(56,13): warning CA1416: This call site is reachable on all platforms. 'ManagementEventWatcher.EventArrived' is only supported on: 'windows'. (https://learn.microsoft.com/dotnet/fundamentals/code-analysis/quality-rules/ca1416) [/home/excustic/RiderProjects/rmOneNoteSyncApp/rmOneNoteSyncApp/rmOneNoteSyncApp.csproj]
/home/excustic/RiderProjects/rmOneNoteSyncApp/rmOneNoteSyncApp/Services/Platform/WindowsDeviceDetectionService.cs(74,21): warning CA1416: This call site is reachable on all platforms. 'ManagementEventWatcher.Stop()' is only supported on: 'windows'. (https://learn.microsoft.com/dotnet/fundamentals/code-analysis/quality-rules/ca1416) [/home/excustic/RiderProjects/rmOneNoteSyncApp/rmOneNoteSyncApp/rmOneNoteSyncApp.csproj]
[01:06:47 INF] Database initialized at /home/excustic/.local/share/rmOneNoteSyncApp/sync.db
[01:06:48 INF] Started device monitoring
[01:06:48 INF] Started Linux network interface monitoring
[01:06:48 INF] Initializing Automatic Sync (Interval: 10s)
[01:06:48 INF] Automatic Sync Interval Triggered (Every 10s)
[01:06:48 INF] No pending items to sync
[01:06:48 INF] Reconnecting SSH using IP: 10.11.99.1, Password: kTgWdqIBVB
[01:06:48 INF] Attempting SSH connection to 10.11.99.1
[01:06:48 INF] SSH connection closed
[01:06:49 INF] SSH connection established successfully
[01:06:49 INF] DetectionServiceConnected: True, SSHConnected: True
[01:06:49 INF] Sync server started on port 8080
[01:06:49 DBG] Executing command: cat /sys/devices/soc0/machine
[01:06:49 DBG] Executing command: cat /etc/os-release | grep IMG_VERSION | cut -d'"' -f2
[01:06:49 DBG] Executing command: cat /sys/devices/soc0/serial_number
[01:06:49 DBG] Executing command: df -h /home
[01:06:49 DBG] Executing command: cat /home/root/onenote-sync/version.json
[01:06:58 INF] Automatic Sync Interval Triggered (Every 10s)
[01:06:58 INF] No pending items to sync
[01:07:08 INF] Automatic Sync Interval Triggered (Every 10s)
[01:07:08 INF] No pending items to sync
